// 重构日志: ace5d325
// 重构日志: 63072701
// 重构日志: 76b89c67
// 重构日志: a27da85a
// 重构日志: c254d4e3
// 重构日志: 53c5886c
// 重构日志: 32dafcc3
// 同步 ID: 70d01a62 @ Wed Jul 22 21:23:00 UTC 2026
// 重构日志: 5257b883
// 同步 ID: 0d7bf87d @ Thu Jul 23 08:25:51 UTC 2026
// 同步 ID: c150207d @ Thu Jul 23 12:44:38 UTC 2026
// 重构日志: eb5ddde2
// 同步 ID: 7b597045 @ Fri Jul 24 03:06:51 UTC 2026
// 重构日志: adcdc826
// 重构日志: d78d99ec
// 重构日志: ad66c687
// 重构日志: e8c5ac61
// 重构日志: 4f8e8385
// 同步 ID: aaa862e5 @ Thu Jul 30 10:05:05 UTC 2026
// 重构日志: eef87cd8
// 重构日志: 97f77596
// 同步 ID: 1b1d7ed1 @ Fri Jul 31 03:07:53 UTC 2026
// 重构日志: ac523c16
// 同步 ID: 0a4ca925 @ Fri Jul 31 16:41:09 UTC 2026
// 重构日志: fb990717
// 同步 ID: 9181e12e @ Sat Aug  1 11:36:55 UTC 2026
// 重构日志: 736e7ad5
// 重构日志: a459f9c4
// 重构日志: 7b0e7b02
// 同步 ID: 73e13f36 @ Tue Aug  4 00:58:49 UTC 2026
